Traceback (most recent call last):
  File "/mnt/d/lictor/smoke/smoke_pusht.py", line 95, in <module>
    policy._queues["observation.image"].append(b["observation.image"]) if hasattr(policy, "_queues") else None
    ~~~~~~~~~~~~~~^^^^^^^^^^^^^^^^^^^^^
KeyError: 'observation.image'
[import] lerobot+torch: 15.9s  torch=2.7.1+cu126 cuda=True
[src] 'def predict_action_chunk': 1 occurrences
[src] 'def select_action': 1 occurrences
[src] 'n_action_steps': 4 occurrences
[src] 'n_obs_steps - 1': 0 occurrences
[src] '_queues': 13 occurrences
[src] 'drop_queued_actions': 0 occurrences
----- DiffusionPolicy.predict_action_chunk -----
    @torch.no_grad()
    def predict_action_chunk(self, batch: dict[str, Tensor], noise: Tensor | None = None) -> Tensor:
        """Predict a chunk of actions given environment observations.

        Supports two modes:
        - Online (queues populated via select_action): stacks observations from internal queues.
        - Offline (empty queues, e.g. dataloader batch): uses the batch directly.
        """
        queues_populated = any(len(q) > 0 for q in self._queues.values())
        if queues_populated:
            batch = {k: torch.stack(list(self._queues[k]), dim=1) for k in batch if k in self._queues}
        else:
            batch = dict(batch)
            if self.config.image_features:
                for key in self.config.image_features:
                    if batch[key].ndim == 4:
                        batch[key] = batch[key].unsqueeze(1)
                batch[OBS_IMAGES] = torch.stack([batch[key] for key in self.config.image_features], dim=-4)
        actions = self.diffusion.generate_actions(batch, noise=noise)
        return actions

----- DiffusionPolicy.select_action -----
    @torch.no_grad()
    def select_action(self, batch: dict[str, Tensor], noise: Tensor | None = None) -> Tensor:
        """Select a single action given environment observations.

        This method handles caching a history of observations and an action trajectory generated by the
        underlying diffusion model. Here's how it works:
          - `n_obs_steps` steps worth of observations are cached (for the first steps, the observation is
            copied `n_obs_steps` times to fill the cache).
          - The diffusion model generates `horizon` steps worth of actions.
          - `n_action_steps` worth of actions are actually kept for execution, starting from the current step.
        Schematically this looks like:
            ----------------------------------------------------------------------------------------------
            (legend: o = n_obs_steps, h = horizon, a = n_action_steps)
            |timestep            | n-o+1 | n-o+2 | ..... | n     | ..... | n+a-1 | n+a   | ..... | n-o+h |
            |observation is used | YES   | YES   | YES   | YES   | NO    | NO    | NO    | NO    | NO    |
            |action is generated | YES   | YES   | YES   | YES   | YES   | YES   | YES   | YES   | YES   |
            |action is used      | NO    | NO    | NO    | YES   | YES   | YES   | NO    | NO    | NO    |
            ----------------------------------------------------------------------------------------------
        Note that this means we require: `n_action_steps <= horizon - n_obs_steps + 1`. Also, note that
        "horizon" may not the best name to describe what the variable actually means, because this period is
        actually measured from the first observation which (if `n_obs_steps` > 1) happened in the past.
        """
        # NOTE: for offline evaluation, we have action in the batch, so we need to pop it out
        if ACTION in batch:
            batch.pop(ACTION)

        if self.config.image_features:
            batch = dict(batch)  # shallow copy so that adding a key doesn't modify the original
            batch[OBS_IMAGES] = torch.stack([batch[key] for key in self.config.image_features], dim=-4)
        # NOTE: It's important that this happens after stacking the images into a single key.
        self._queues = populate_queues(self._queues, batch)

        if len(self._queues[ACTION]) == 0:
            actions = self.predict_action_chunk(batch, noise=noise)
            self._queues[ACTION].extend(actions.transpose(0, 1))

        action = self._queues[ACTION].popleft()
        return action

----- DiffusionModel.generate_actions -----
    def generate_actions(self, batch: dict[str, Tensor], noise: Tensor | None = None) -> Tensor:
        """
        This function expects `batch` to have:
        {
            "observation.state": (B, n_obs_steps, state_dim)

            "observation.images": (B, n_obs_steps, num_cameras, C, H, W)
                AND/OR
            "observation.environment_state": (B, n_obs_steps, environment_dim)
        }
        """
        batch_size, n_obs_steps = batch[OBS_STATE].shape[:2]
        assert n_obs_steps == self.config.n_obs_steps

        # Encode image features and concatenate them all together along with the state vector.
        global_cond = self._prepare_global_conditioning(batch)  # (B, global_cond_dim)

        # run sampling
        actions = self.conditional_sample(batch_size, global_cond=global_cond, noise=noise)

        # Extract `n_action_steps` steps worth of actions (from the current observation).
        start = n_obs_steps - 1
        end = start + self.config.n_action_steps
        actions = actions[:, start:end]

        return actions

Loading weights from local directory
[load] ok in 8.3s; horizon=16 n_action_steps=8 n_obs_steps=2 num_inference_steps=None
[proc] pre/post processors: DataProcessorPipeline DataProcessorPipeline
[env] obs keys: ['pixels', 'agent_pos'] pixels (96, 96, 3) agent_pos [390. 304.] action_space Box(0.0, 512.0, (2,), float32)
[ep-default] seed=0 steps=300 max_reward=0.989 success=False select_action: median=0.10ms  inference-calls=44 mean=3462ms max=6278ms
[wall] episode: 153.9s
[done]
